// Jest Snapshot v1, https://goo.gl/fbAQLP

exports[`Tabs renders a basic tab layout 1`] = `
<div
  class="StyledGrommet-sc-19lkkz7-0 kQNwCm"
>
  <div
    class="ThemeProvider__AppWrapper-sc-12xd2cf-0 fmpnGZ"
  >
    <div
      class="StyledBox-sc-13pk1d4-0 jsevgO StyledTabs-sc-a4fwxl-2 dqMpcz"
    >
      <div
        class="StyledBox-sc-13pk1d4-0 dHsKBb"
        role="tablist"
      >
        <div
          class="StyledBox-sc-13pk1d4-0 eRCQcV StyledTabs__StyledTabsHeader-sc-a4fwxl-0 doyXrw"
        >
          <button
            aria-expanded="true"
            aria-selected="true"
            class="StyledButtonKind-sc-1vhfpnt-0 gUiHYe"
            role="tab"
            type="button"
          >
            <div
              class="StyledBox-sc-13pk1d4-0 kAiAch StyledTab-sc-1nnwnsb-0 cwUFig"
            >
              <span
                class="StyledText-sc-1sadyjn-0 dPgXjd"
              >
                first
              </span>
            </div>
          </button>
          <button
            aria-expanded="false"
            aria-selected="false"
            class="StyledButtonKind-sc-1vhfpnt-0 gUiHYe"
            role="tab"
            type="button"
          >
            <div
              class="StyledBox-sc-13pk1d4-0 ehaPYh StyledTab-sc-1nnwnsb-0 cwUFig"
            >
              <span
                class="StyledText-sc-1sadyjn-0 ksyYGh"
              >
                second
              </span>
            </div>
          </button>
          <button
            aria-expanded="false"
            aria-selected="false"
            class="StyledButtonKind-sc-1vhfpnt-0 gUiHYe"
            role="tab"
            type="button"
          >
            <div
              class="StyledBox-sc-13pk1d4-0 ehaPYh StyledTab-sc-1nnwnsb-0 cwUFig"
            >
              <span
                class="StyledText-sc-1sadyjn-0 ksyYGh"
              >
                third
              </span>
            </div>
          </button>
        </div>
      </div>
      <div
        aria-label="first Tab Contents"
        class="StyledTabs__StyledTabPanel-sc-a4fwxl-1 edURMz"
        role="tabpanel"
      >
        <h1>
          First Tab
        </h1>
      </div>
    </div>
  </div>
</div>
`;
