// Jest Snapshot v1, https://goo.gl/fbAQLP

exports[`Tabs renders a basic tab layout 1`] = `
<div
  class="StyledGrommet-sc-19lkkz7-0 dXGtPO"
>
  <div
    class="sc-fubCzh hsvamz"
  >
    <div
      class="StyledBox-sc-13pk1d4-0 kSZjsO StyledTabs-sc-a4fwxl-2 keuzHD"
      role="tablist"
    >
      <div
        class="StyledBox-sc-13pk1d4-0 wJxKB StyledTabs__StyledTabsHeader-sc-a4fwxl-0 emAudU"
      >
        <button
          aria-expanded="true"
          aria-selected="true"
          class="StyledButtonKind-sc-1vhfpnt-0 cWcrx"
          role="tab"
          type="button"
        >
          <div
            class="StyledBox-sc-13pk1d4-0 jzdWHR StyledTab-sc-1nnwnsb-0 kXQPWd"
          >
            <span
              class="StyledText-sc-1sadyjn-0 epZRMp"
            >
              first
            </span>
          </div>
        </button>
        <button
          aria-expanded="false"
          aria-selected="false"
          class="StyledButtonKind-sc-1vhfpnt-0 cWcrx"
          role="tab"
          type="button"
        >
          <div
            class="StyledBox-sc-13pk1d4-0 iNNLmV StyledTab-sc-1nnwnsb-0 kXQPWd"
          >
            <span
              class="StyledText-sc-1sadyjn-0 eTVfRR"
            >
              second
            </span>
          </div>
        </button>
        <button
          aria-expanded="false"
          aria-selected="false"
          class="StyledButtonKind-sc-1vhfpnt-0 cWcrx"
          role="tab"
          type="button"
        >
          <div
            class="StyledBox-sc-13pk1d4-0 iNNLmV StyledTab-sc-1nnwnsb-0 kXQPWd"
          >
            <span
              class="StyledText-sc-1sadyjn-0 eTVfRR"
            >
              third
            </span>
          </div>
        </button>
      </div>
      <div
        aria-label="first Tab Contents"
        class="StyledTabs__StyledTabPanel-sc-a4fwxl-1 jAscLT"
        role="tabpanel"
      >
        <h1>
          First Tab
        </h1>
      </div>
    </div>
  </div>
</div>
`;
