// Jest Snapshot v1, https://goo.gl/fbAQLP

exports[`ClusterDetailAppListWidget renders a simple widget 1`] = `
<div
  class="StyledGrommet-sc-19lkkz7-0 erdTQn"
>
  <div
    class="ThemeProvider__AppWrapper-sc-12xd2cf-0 hYLvQc"
  >
    <div
      aria-label="Some widget"
      class="StyledBox-sc-13pk1d4-0 gWaqcK"
    >
      <div
        class="StyledBox-sc-13pk1d4-0 jYyoaf ClusterDetailAppListWidget__TitleWrapper-sc-1uv4dc5-0"
      >
        <span
          class="StyledText-sc-1sadyjn-0 dRrAqt ClusterDetailAppListWidget__Title-sc-1uv4dc5-1 ifhWZW"
        >
          Some widget
        </span>
      </div>
      <div
        class="StyledBox-sc-13pk1d4-0 kAKeln"
      >
        <span
          class="StyledText-sc-1sadyjn-0 GogVv"
        >
          Some content
        </span>
      </div>
    </div>
  </div>
</div>
`;
