// Jest Snapshot v1, https://goo.gl/fbAQLP

exports[`CurrencyInput renders without crashing 1`] = `
<div
  class="StyledGrommet-sc-19lkkz7-0 dXGtPO"
>
  <div
    class="sc-iBPTik bYpoIC"
  >
    <div
      class="StyledBox-sc-13pk1d4-0 jPjcaB FormField__FormFieldBox-sc-m9hood-0 dAuFqX"
    >
      <div
        class="StyledBox-sc-13pk1d4-0 lkmfGs FormField__FormFieldContentBox-sc-m9hood-1"
      >
        <div
          class="StyledTextInput__StyledTextInputContainer-sc-1x30a0s-1 bDhrKg"
        >
          <div
            class="StyledTextInput__StyledIcon-sc-1x30a0s-3 bPGvIE"
          >
            <span
              class="StyledText-sc-1sadyjn-0 eTVfRR"
            >
              $
            </span>
          </div>
          <input
            autocomplete="off"
            class="StyledTextInput-sc-1x30a0s-0 hyehYF"
            step="1"
            type="number"
            value="0"
          />
        </div>
      </div>
    </div>
  </div>
</div>
`;
