// Jest Snapshot v1, https://goo.gl/fbAQLP

exports[`ConfirmationPrompt renders a component with a title 1`] = `
<div
  class="StyledGrommet-sc-19lkkz7-0 dXGtPO"
>
  <div
    class="ThemeProvider__AppWrapper-sc-1qc9t9l-0 kTyYdK"
  >
    <div
      aria-hidden="true"
      class="StyledBox-sc-13pk1d4-0 kSZjsO Collapsible__AnimatedBox-sc-15kniua-0 dvSzsF"
    />
  </div>
</div>
`;

exports[`ConfirmationPrompt renders a component with buttons 1`] = `
<div
  class="StyledGrommet-sc-19lkkz7-0 dXGtPO"
>
  <div
    class="ThemeProvider__AppWrapper-sc-1qc9t9l-0 kTyYdK"
  >
    <div
      aria-hidden="true"
      class="StyledBox-sc-13pk1d4-0 kSZjsO Collapsible__AnimatedBox-sc-15kniua-0 dvSzsF"
    />
  </div>
</div>
`;

exports[`ConfirmationPrompt renders a simple component 1`] = `
<div
  class="StyledGrommet-sc-19lkkz7-0 dXGtPO"
>
  <div
    class="ThemeProvider__AppWrapper-sc-1qc9t9l-0 kTyYdK"
  >
    <div
      aria-hidden="true"
      class="StyledBox-sc-13pk1d4-0 kSZjsO Collapsible__AnimatedBox-sc-15kniua-0 dvSzsF"
    />
  </div>
</div>
`;
