// Jest Snapshot v1, https://goo.gl/fbAQLP

exports[`ConfirmationPrompt renders a component with a title 1`] = `
<div
  class="StyledGrommet-sc-19lkkz7-0 giQQcM"
>
  <div
    class="ThemeProvider__AppWrapper-sc-12xd2cf-0 kuNpSX"
  >
    <div
      aria-hidden="true"
      class="StyledBox-sc-13pk1d4-0 hpSXsQ Collapsible__AnimatedBox-sc-15kniua-0 jtbjrr"
    />
  </div>
</div>
`;

exports[`ConfirmationPrompt renders a component with buttons 1`] = `
<div
  class="StyledGrommet-sc-19lkkz7-0 giQQcM"
>
  <div
    class="ThemeProvider__AppWrapper-sc-12xd2cf-0 kuNpSX"
  >
    <div
      aria-hidden="true"
      class="StyledBox-sc-13pk1d4-0 hpSXsQ Collapsible__AnimatedBox-sc-15kniua-0 jtbjrr"
    />
  </div>
</div>
`;

exports[`ConfirmationPrompt renders a simple component 1`] = `
<div
  class="StyledGrommet-sc-19lkkz7-0 giQQcM"
>
  <div
    class="ThemeProvider__AppWrapper-sc-12xd2cf-0 kuNpSX"
  >
    <div
      aria-hidden="true"
      class="StyledBox-sc-13pk1d4-0 hpSXsQ Collapsible__AnimatedBox-sc-15kniua-0 jtbjrr"
    />
  </div>
</div>
`;
