// Jest Snapshot v1, https://goo.gl/fbAQLP

exports[`Modal renders a closed modal 1`] = `
<div
  class="StyledGrommet-sc-19lkkz7-0 dXGtPO"
>
  <div
    class="sc-iBPTik bYpoIC"
  />
</div>
`;

exports[`Modal renders a modal with a footer 1`] = `
<div
  class="StyledGrommet-sc-19lkkz7-0 dXGtPO"
>
  <div
    class="sc-iBPTik bYpoIC"
  />
</div>
`;

exports[`Modal renders an opened modal 1`] = `
<div
  class="StyledGrommet-sc-19lkkz7-0 dXGtPO"
>
  <div
    class="sc-iBPTik bYpoIC"
  />
</div>
`;
