// Jest Snapshot v1, https://goo.gl/fbAQLP

exports[`NumberPicker renders a simple input 1`] = `
<div
  class="StyledGrommet-sc-19lkkz7-0 hSiATR"
>
  <div
    class="ThemeProvider__AppWrapper-sc-1qc9t9l-0 bLmXgB"
  >
    <div
      class="StyledBox-sc-13pk1d4-0 erPdoW FormField__FormFieldBox-m9hood-0 eGzyIU"
    >
      <label
        class="StyledText-sc-1sadyjn-0 weZKr"
        for="money"
      >
        Count your money
      </label>
      <span
        class="StyledText-sc-1sadyjn-0 hosPKv"
      >
        A very helpful message
      </span>
      <div
        class="StyledBox-sc-13pk1d4-0 cMXsuX FormField__FormFieldContentBox-m9hood-1"
      >
        <div
          class="StyledTextInput__StyledTextInputContainer-sc-1x30a0s-1 cnyLED"
        >
          <input
            autocomplete="off"
            class="StyledTextInput-sc-1x30a0s-0 dkAuoK NumberPicker__StyledTextInput-h062ap-0 dCqhWo"
            id="money"
            step="1"
            type="number"
            value="3"
          />
        </div>
        <div
          class="NumberPicker__Controls-h062ap-1 iLomFA"
        >
          <div
            aria-label="Decrement"
            class="NumberPicker__IncrementDecrementButton-h062ap-2 eXVwgA"
            role="button"
          >
            –
          </div>
          <div
            aria-label="Increment"
            class="NumberPicker__IncrementDecrementButton-h062ap-2 eXVwgA"
            role="button"
          >
            +
          </div>
        </div>
      </div>
      <span
        class="StyledText-sc-1sadyjn-0 kTuWTg"
      >
        Aha! Did not know that
      </span>
    </div>
  </div>
</div>
`;
