// Jest Snapshot v1, https://goo.gl/fbAQLP

exports[`Table renders a simple table 1`] = `
<div
  class="StyledGrommet-sc-19lkkz7-0 giQQcM"
>
  <div
    class="ThemeProvider__AppWrapper-sc-12xd2cf-0 kuNpSX"
  >
    <table
      class="StyledTable-sc-1m3u5g-6 ixrRkt"
    >
      <caption
        class="StyledTable__StyledTableDataCaption-sc-1m3u5g-1 bSDold"
      >
        Expenses
      </caption>
      <thead
        class="StyledTable__StyledTableHeader-sc-1m3u5g-4"
      >
        <tr
          class="StyledTable__StyledTableRow-sc-1m3u5g-2"
        >
          <td
            class="StyledTable__StyledTableCell-sc-1m3u5g-0 kxsoLa"
          >
            <div
              class="StyledBox-sc-13pk1d4-0 hpSXsQ"
            >
              Name
            </div>
          </td>
          <td
            class="StyledTable__StyledTableCell-sc-1m3u5g-0 kxsoLa"
          >
            <div
              class="StyledBox-sc-13pk1d4-0 hpSXsQ"
            >
              Location
            </div>
          </td>
          <td
            class="StyledTable__StyledTableCell-sc-1m3u5g-0 kxsoLa"
          >
            <div
              class="StyledBox-sc-13pk1d4-0 hpSXsQ"
            >
              Amount
            </div>
          </td>
        </tr>
      </thead>
      <tbody
        class="StyledTable__StyledTableBody-sc-1m3u5g-3"
      >
        <tr
          class="StyledTable__StyledTableRow-sc-1m3u5g-2"
        >
          <td
            class="StyledTable__StyledTableCell-sc-1m3u5g-0 hYDwRe"
          >
            Food
          </td>
          <td
            class="StyledTable__StyledTableCell-sc-1m3u5g-0 hYDwRe"
          >
            Amazon
          </td>
          <td
            class="StyledTable__StyledTableCell-sc-1m3u5g-0 hYDwRe"
          >
            $25,36
          </td>
        </tr>
        <tr
          class="StyledTable__StyledTableRow-sc-1m3u5g-2"
        >
          <td
            class="StyledTable__StyledTableCell-sc-1m3u5g-0 hYDwRe"
          >
            Laptop
          </td>
          <td
            class="StyledTable__StyledTableCell-sc-1m3u5g-0 hYDwRe"
          >
            Apple
          </td>
          <td
            class="StyledTable__StyledTableCell-sc-1m3u5g-0 hYDwRe"
          >
            $1683,00
          </td>
        </tr>
        <tr
          class="StyledTable__StyledTableRow-sc-1m3u5g-2"
        >
          <td
            class="StyledTable__StyledTableCell-sc-1m3u5g-0 hYDwRe"
          >
            Phone
          </td>
          <td
            class="StyledTable__StyledTableCell-sc-1m3u5g-0 hYDwRe"
          >
            Apple
          </td>
          <td
            class="StyledTable__StyledTableCell-sc-1m3u5g-0 hYDwRe"
          >
            $1037,73
          </td>
        </tr>
      </tbody>
      <tfoot
        class="StyledTable__StyledTableFooter-sc-1m3u5g-5"
      >
        <tr
          class="StyledTable__StyledTableRow-sc-1m3u5g-2"
        >
          <td
            class="StyledTable__StyledTableCell-sc-1m3u5g-0 dbvYQD"
          />
          <td
            class="StyledTable__StyledTableCell-sc-1m3u5g-0 dbvYQD"
          />
          <td
            class="StyledTable__StyledTableCell-sc-1m3u5g-0 dbvYQD"
          >
            $2746,09
          </td>
        </tr>
      </tfoot>
    </table>
  </div>
</div>
`;
