// Jest Snapshot v1, https://goo.gl/fbAQLP

exports[`DataTable renders a simple table 1`] = `
<div
  class="StyledGrommet-sc-19lkkz7-0 dXGtPO"
>
  <div
    class="sc-fubCzh hsvamz"
  >
    <table
      class="StyledTable-sc-1m3u5g-6 dcOxzL StyledDataTable-xrlyjm-0 fIEvSE"
    >
      <thead
        class="StyledTable__StyledTableHeader-sc-1m3u5g-4 StyledDataTable__StyledDataTableHeader-xrlyjm-4"
      >
        <tr
          class="StyledTable__StyledTableRow-sc-1m3u5g-2 StyledDataTable__StyledDataTableRow-xrlyjm-2 eDoUMo"
        />
      </thead>
      <tbody
        class="StyledTable__StyledTableBody-sc-1m3u5g-3 StyledDataTable__StyledDataTableBody-xrlyjm-3 fwfIFq"
      />
    </table>
  </div>
</div>
`;
