// Jest Snapshot v1, https://goo.gl/fbAQLP

exports[`InputGroup renders a simple input 1`] = `
<div
  class="StyledGrommet-sc-19lkkz7-0 hSiATR"
>
  <div
    class="ThemeProvider__AppWrapper-sc-1qc9t9l-0 bLmXgB"
  >
    <div
      class="StyledBox-sc-13pk1d4-0 gWybwe FormField__FormFieldBox-m9hood-0 gWgpjB"
    >
      <label
        class="StyledText-sc-1sadyjn-0 weZKr"
      >
        <span
          class="StyledText-sc-1sadyjn-0 eoiRfX"
        >
          A nice group of inputs
        </span>
      </label>
      <div
        class="StyledBox-sc-13pk1d4-0 bshylR FormField__FormFieldContentBox-m9hood-1"
      />
    </div>
  </div>
</div>
`;
