// Jest Snapshot v1, https://goo.gl/fbAQLP

exports[`MultiSelect renders a simple input 1`] = `
<div
  class="StyledGrommet-sc-19lkkz7-0 iUQqn"
>
  <div
    class="sc-iCoGMd hFJToB"
  >
    <div
      class="StyledBox-sc-13pk1d4-0 hcMLLM FormField__FormFieldBox-m9hood-0 ofKvz"
    >
      <label
        class="StyledText-sc-1sadyjn-0 ZJQGZ"
        for="pet"
      >
        Pets I want to get
      </label>
      <div
        class="StyledBox-sc-13pk1d4-0 SMFjn FormField__FormFieldContentBox-m9hood-1"
      >
        <button
          aria-label="Open Drop"
          class="StyledButtonKind-sc-1vhfpnt-0 eBvPtR Select__StyledSelectDropButton-sc-17idtfo-2 iEUOTR"
          id="pet"
          type="button"
        >
          <div
            class="StyledBox-sc-13pk1d4-0 iGnWPi"
          >
            <div
              class="StyledBox-sc-13pk1d4-0 gtvRqp"
            >
              <div
                class="StyledTextInput__StyledTextInputContainer-sc-1x30a0s-1 gXHnix"
              >
                <input
                  autocomplete="off"
                  class="StyledTextInput-sc-1x30a0s-0 gfXZCw Select__SelectTextInput-sc-17idtfo-0 hZZumW"
                  id="pet__input"
                  placeholder="Just select something..."
                  readonly=""
                  tabindex="-1"
                  type="text"
                  value=""
                />
              </div>
            </div>
            <div
              class="StyledBox-sc-13pk1d4-0 iHSSAv"
              style="min-width: auto;"
            >
              <svg
                aria-label="FormDown"
                class="StyledIcon-ofa7kd-0 hvOgkV"
                viewBox="0 0 24 24"
              >
                <polyline
                  fill="none"
                  points="18 9 12 15 6 9"
                  stroke="#000"
                  stroke-width="2"
                />
              </svg>
            </div>
          </div>
        </button>
      </div>
    </div>
  </div>
</div>
`;
