// Jest Snapshot v1, https://goo.gl/fbAQLP

exports[`MultiSelect renders a simple input 1`] = `
<div
  class="StyledGrommet-sc-19lkkz7-0 giQQcM"
>
  <div
    class="ThemeProvider__AppWrapper-sc-12xd2cf-0 kuNpSX"
  >
    <div
      class="StyledBox-sc-13pk1d4-0 gPuWHK FormField__FormFieldBox-sc-m9hood-0 bNDIlh"
    >
      <label
        class="StyledText-sc-1sadyjn-0 eqjVSW"
        for="pet"
      >
        Pets I want to get
      </label>
      <div
        class="StyledBox-sc-13pk1d4-0 fFeUPF FormField__FormFieldContentBox-sc-m9hood-1"
      >
        <button
          aria-label="Open Drop"
          class="StyledButtonKind-sc-1vhfpnt-0 eMuefU Select__StyledSelectDropButton-sc-17idtfo-2 ggODSg"
          id="pet"
          type="button"
        >
          <div
            class="StyledBox-sc-13pk1d4-0 gYVFUw"
          >
            <div
              class="StyledBox-sc-13pk1d4-0 gSrxin"
            >
              <div
                class="StyledTextInput__StyledTextInputContainer-sc-1x30a0s-1 jqwtzG"
              >
                <input
                  autocomplete="off"
                  class="StyledTextInput-sc-1x30a0s-0 cOcIup Select__SelectTextInput-sc-17idtfo-0 ecWLed"
                  id="pet__input"
                  placeholder="Just select something..."
                  readonly=""
                  tabindex="-1"
                  type="text"
                  value=""
                />
              </div>
            </div>
            <div
              class="StyledBox-sc-13pk1d4-0 hZLCMh"
              style="min-width: auto;"
            >
              <svg
                aria-label="FormDown"
                class="StyledIcon-sc-ofa7kd-0 fOhoAb"
                viewBox="0 0 24 24"
              >
                <path
                  d="m18 9-6 6-6-6"
                  fill="none"
                  stroke="#000"
                  stroke-width="2"
                />
              </svg>
            </div>
          </div>
        </button>
      </div>
    </div>
  </div>
</div>
`;
